­ƒöì Attempting to connect to database...
DATABASE_URL: Set
prisma:info Starting a postgresql pool with 5 connections.
node : ÔØî Error 
conectando a la base 
de datos:
En línea: 1 
Carácter: 1
+ node test-db.js > 
test-output.txt 2>&1
+ ~~~~~~~~~~~~~~~~~~~
~~~~~~~~~~~~~~~~~~~
    + CategoryInfo   
           : NotSpe  
  cified: (ÔØî Err   
 or conectando a     
la base de datos    
::String) [], Re    
moteException
    + FullyQualified 
   ErrorId : Native  
  CommandError
 
Error name: PrismaCli
entInitializationErro
r
Error message: Can't 
reach database 
server at `ep-black-w
ater-a5108603-pooler.
us-east-2.aws.neon.te
ch:5432`

Please make sure 
your database server 
is running at `ep-bla
ck-water-a5108603-poo
ler.us-east-2.aws.neo
n.tech:5432`.
Error code: P1001
Full error: {
  "name": "PrismaClie
ntInitializationError
",
  "clientVersion": 
"5.22.0",
  "errorCode": 
"P1001"
}
